// Jest Snapshot v1, https://goo.gl/fbAQLP

exports[`InputBox tests should match the snapshot 1`] = `ShallowWrapper {}`;
