// Jest Snapshot v1, https://goo.gl/fbAQLP

exports[`Item tests should match the snapshot 1`] = `ShallowWrapper {}`;
